[0.589s] Invoking command in '/home/newin/Projects/warehouse/ws_warehouse/src/tugbot_recorder': PYTHONPATH=/home/newin/Projects/warehouse/ws_warehouse/build/tugbot_recorder/prefix_override:/usr/lib/python3/dist-packages/colcon_core/task/python/colcon_distutils_commands:/home/newin/Projects/warehouse/ws_warehouse/install/tugbot_recorder/lib/python3.10/site-packages:${PYTHONPATH} /usr/bin/python3 -W ignore:setup.py install is deprecated -W ignore:easy_install command is deprecated setup.py egg_info --egg-base ../../build/tugbot_recorder build --build-base /home/newin/Projects/warehouse/ws_warehouse/build/tugbot_recorder/build install --record /home/newin/Projects/warehouse/ws_warehouse/build/tugbot_recorder/install.log --single-version-externally-managed install_data
[0.785s] running egg_info
[0.785s] writing ../../build/tugbot_recorder/tugbot_recorder.egg-info/PKG-INFO
[0.785s] writing dependency_links to ../../build/tugbot_recorder/tugbot_recorder.egg-info/dependency_links.txt
[0.785s] writing entry points to ../../build/tugbot_recorder/tugbot_recorder.egg-info/entry_points.txt
[0.786s] writing requirements to ../../build/tugbot_recorder/tugbot_recorder.egg-info/requires.txt
[0.786s] writing top-level names to ../../build/tugbot_recorder/tugbot_recorder.egg-info/top_level.txt
[0.787s] reading manifest file '../../build/tugbot_recorder/tugbot_recorder.egg-info/SOURCES.txt'
[0.789s] writing manifest file '../../build/tugbot_recorder/tugbot_recorder.egg-info/SOURCES.txt'
[0.789s] running build
[0.789s] running build_py
[0.789s] copying tugbot_recorder/lnn_prediction_01.py -> /home/newin/Projects/warehouse/ws_warehouse/build/tugbot_recorder/build/lib/tugbot_recorder
[0.789s] running install
[0.790s] running install_lib
[0.790s] copying /home/newin/Projects/warehouse/ws_warehouse/build/tugbot_recorder/build/lib/tugbot_recorder/lnn_prediction_01.py -> /home/newin/Projects/warehouse/ws_warehouse/install/tugbot_recorder/lib/python3.10/site-packages/tugbot_recorder
[0.791s] byte-compiling /home/newin/Projects/warehouse/ws_warehouse/install/tugbot_recorder/lib/python3.10/site-packages/tugbot_recorder/lnn_prediction_01.py to lnn_prediction_01.cpython-310.pyc
[0.795s] running install_data
[0.796s] running install_egg_info
[0.797s] removing '/home/newin/Projects/warehouse/ws_warehouse/install/tugbot_recorder/lib/python3.10/site-packages/tugbot_recorder-0.0.0-py3.10.egg-info' (and everything under it)
[0.797s] Copying ../../build/tugbot_recorder/tugbot_recorder.egg-info to /home/newin/Projects/warehouse/ws_warehouse/install/tugbot_recorder/lib/python3.10/site-packages/tugbot_recorder-0.0.0-py3.10.egg-info
[0.798s] running install_scripts
[0.813s] Installing lnn_prediction_01 script to /home/newin/Projects/warehouse/ws_warehouse/install/tugbot_recorder/lib/tugbot_recorder
[0.813s] Installing odm_log script to /home/newin/Projects/warehouse/ws_warehouse/install/tugbot_recorder/lib/tugbot_recorder
[0.813s] Installing recorder script to /home/newin/Projects/warehouse/ws_warehouse/install/tugbot_recorder/lib/tugbot_recorder
[0.813s] Installing safety_node script to /home/newin/Projects/warehouse/ws_warehouse/install/tugbot_recorder/lib/tugbot_recorder
[0.814s] writing list of installed files to '/home/newin/Projects/warehouse/ws_warehouse/build/tugbot_recorder/install.log'
[0.834s] Invoked command in '/home/newin/Projects/warehouse/ws_warehouse/src/tugbot_recorder' returned '0': PYTHONPATH=/home/newin/Projects/warehouse/ws_warehouse/build/tugbot_recorder/prefix_override:/usr/lib/python3/dist-packages/colcon_core/task/python/colcon_distutils_commands:/home/newin/Projects/warehouse/ws_warehouse/install/tugbot_recorder/lib/python3.10/site-packages:${PYTHONPATH} /usr/bin/python3 -W ignore:setup.py install is deprecated -W ignore:easy_install command is deprecated setup.py egg_info --egg-base ../../build/tugbot_recorder build --build-base /home/newin/Projects/warehouse/ws_warehouse/build/tugbot_recorder/build install --record /home/newin/Projects/warehouse/ws_warehouse/build/tugbot_recorder/install.log --single-version-externally-managed install_data
