/home/newin/Projects/warehouse/ws_warehouse/install/tugbot_recorder/lib/python3.10/site-packages/tugbot_recorder/lnn_prediction_01_classification.py
/home/newin/Projects/warehouse/ws_warehouse/install/tugbot_recorder/lib/python3.10/site-packages/tugbot_recorder/lnn_prediction_2cfc_onhot_inj.py
/home/newin/Projects/warehouse/ws_warehouse/install/tugbot_recorder/lib/python3.10/site-packages/tugbot_recorder/lnn_prediction_01_FPS.py
/home/newin/Projects/warehouse/ws_warehouse/install/tugbot_recorder/lib/python3.10/site-packages/tugbot_recorder/safety_node.py
/home/newin/Projects/warehouse/ws_warehouse/install/tugbot_recorder/lib/python3.10/site-packages/tugbot_recorder/recorder.py
/home/newin/Projects/warehouse/ws_warehouse/install/tugbot_recorder/lib/python3.10/site-packages/tugbot_recorder/lnn_prediction_01 experiment.py
/home/newin/Projects/warehouse/ws_warehouse/install/tugbot_recorder/lib/python3.10/site-packages/tugbot_recorder/lnn_prediction_experiment_final.py
/home/newin/Projects/warehouse/ws_warehouse/install/tugbot_recorder/lib/python3.10/site-packages/tugbot_recorder/recorder_initial.py
/home/newin/Projects/warehouse/ws_warehouse/install/tugbot_recorder/lib/python3.10/site-packages/tugbot_recorder/lnn_prediction_01.py
/home/newin/Projects/warehouse/ws_warehouse/install/tugbot_recorder/lib/python3.10/site-packages/tugbot_recorder/safety_node copy.py
/home/newin/Projects/warehouse/ws_warehouse/install/tugbot_recorder/lib/python3.10/site-packages/tugbot_recorder/__init__.py
/home/newin/Projects/warehouse/ws_warehouse/install/tugbot_recorder/lib/python3.10/site-packages/tugbot_recorder/lnn_prediction_01_3G successful.py
/home/newin/Projects/warehouse/ws_warehouse/install/tugbot_recorder/lib/python3.10/site-packages/tugbot_recorder/safety_node copy 2.py
/home/newin/Projects/warehouse/ws_warehouse/install/tugbot_recorder/lib/python3.10/site-packages/tugbot_recorder/recorder_aruco_01.py
/home/newin/Projects/warehouse/ws_warehouse/install/tugbot_recorder/lib/python3.10/site-packages/tugbot_recorder/lnn_prediction 64cfc_ver_01.py
/home/newin/Projects/warehouse/ws_warehouse/install/tugbot_recorder/lib/python3.10/site-packages/tugbot_recorder/recorder_ok.py
/home/newin/Projects/warehouse/ws_warehouse/install/tugbot_recorder/lib/python3.10/site-packages/tugbot_recorder/__pycache__/lnn_prediction_01_classification.cpython-310.pyc
/home/newin/Projects/warehouse/ws_warehouse/install/tugbot_recorder/lib/python3.10/site-packages/tugbot_recorder/__pycache__/lnn_prediction_2cfc_onhot_inj.cpython-310.pyc
/home/newin/Projects/warehouse/ws_warehouse/install/tugbot_recorder/lib/python3.10/site-packages/tugbot_recorder/__pycache__/lnn_prediction_01_FPS.cpython-310.pyc
/home/newin/Projects/warehouse/ws_warehouse/install/tugbot_recorder/lib/python3.10/site-packages/tugbot_recorder/__pycache__/safety_node.cpython-310.pyc
/home/newin/Projects/warehouse/ws_warehouse/install/tugbot_recorder/lib/python3.10/site-packages/tugbot_recorder/__pycache__/recorder.cpython-310.pyc
/home/newin/Projects/warehouse/ws_warehouse/install/tugbot_recorder/lib/python3.10/site-packages/tugbot_recorder/__pycache__/lnn_prediction_01 experiment.cpython-310.pyc
/home/newin/Projects/warehouse/ws_warehouse/install/tugbot_recorder/lib/python3.10/site-packages/tugbot_recorder/__pycache__/lnn_prediction_experiment_final.cpython-310.pyc
/home/newin/Projects/warehouse/ws_warehouse/install/tugbot_recorder/lib/python3.10/site-packages/tugbot_recorder/__pycache__/recorder_initial.cpython-310.pyc
/home/newin/Projects/warehouse/ws_warehouse/install/tugbot_recorder/lib/python3.10/site-packages/tugbot_recorder/__pycache__/lnn_prediction_01.cpython-310.pyc
/home/newin/Projects/warehouse/ws_warehouse/install/tugbot_recorder/lib/python3.10/site-packages/tugbot_recorder/__pycache__/safety_node copy.cpython-310.pyc
/home/newin/Projects/warehouse/ws_warehouse/install/tugbot_recorder/lib/python3.10/site-packages/tugbot_recorder/__pycache__/__init__.cpython-310.pyc
/home/newin/Projects/warehouse/ws_warehouse/install/tugbot_recorder/lib/python3.10/site-packages/tugbot_recorder/__pycache__/lnn_prediction_01_3G successful.cpython-310.pyc
/home/newin/Projects/warehouse/ws_warehouse/install/tugbot_recorder/lib/python3.10/site-packages/tugbot_recorder/__pycache__/safety_node copy 2.cpython-310.pyc
/home/newin/Projects/warehouse/ws_warehouse/install/tugbot_recorder/lib/python3.10/site-packages/tugbot_recorder/__pycache__/recorder_aruco_01.cpython-310.pyc
/home/newin/Projects/warehouse/ws_warehouse/install/tugbot_recorder/lib/python3.10/site-packages/tugbot_recorder/__pycache__/lnn_prediction 64cfc_ver_01.cpython-310.pyc
/home/newin/Projects/warehouse/ws_warehouse/install/tugbot_recorder/lib/python3.10/site-packages/tugbot_recorder/__pycache__/recorder_ok.cpython-310.pyc
/home/newin/Projects/warehouse/ws_warehouse/install/tugbot_recorder/share/ament_index/resource_index/packages/tugbot_recorder
/home/newin/Projects/warehouse/ws_warehouse/install/tugbot_recorder/share/tugbot_recorder/package.xml
/home/newin/Projects/warehouse/ws_warehouse/install/tugbot_recorder/share/tugbot_recorder/launch/gps_launch.launch.py
/home/newin/Projects/warehouse/ws_warehouse/install/tugbot_recorder/share/tugbot_recorder/launch/gazebo.launch.py
/home/newin/Projects/warehouse/ws_warehouse/install/tugbot_recorder/lib/python3.10/site-packages/tugbot_recorder-0.0.0-py3.10.egg-info/zip-safe
/home/newin/Projects/warehouse/ws_warehouse/install/tugbot_recorder/lib/python3.10/site-packages/tugbot_recorder-0.0.0-py3.10.egg-info/entry_points.txt
/home/newin/Projects/warehouse/ws_warehouse/install/tugbot_recorder/lib/python3.10/site-packages/tugbot_recorder-0.0.0-py3.10.egg-info/PKG-INFO
/home/newin/Projects/warehouse/ws_warehouse/install/tugbot_recorder/lib/python3.10/site-packages/tugbot_recorder-0.0.0-py3.10.egg-info/requires.txt
/home/newin/Projects/warehouse/ws_warehouse/install/tugbot_recorder/lib/python3.10/site-packages/tugbot_recorder-0.0.0-py3.10.egg-info/top_level.txt
/home/newin/Projects/warehouse/ws_warehouse/install/tugbot_recorder/lib/python3.10/site-packages/tugbot_recorder-0.0.0-py3.10.egg-info/SOURCES.txt
/home/newin/Projects/warehouse/ws_warehouse/install/tugbot_recorder/lib/python3.10/site-packages/tugbot_recorder-0.0.0-py3.10.egg-info/dependency_links.txt
/home/newin/Projects/warehouse/ws_warehouse/install/tugbot_recorder/lib/tugbot_recorder/lnn_prediction_01
/home/newin/Projects/warehouse/ws_warehouse/install/tugbot_recorder/lib/tugbot_recorder/odm_log
/home/newin/Projects/warehouse/ws_warehouse/install/tugbot_recorder/lib/tugbot_recorder/recorder
/home/newin/Projects/warehouse/ws_warehouse/install/tugbot_recorder/lib/tugbot_recorder/safety_node
