[0.616s] Invoking command in '/home/newin/Projects/warehouse/ws_warehouse/src/tugbot_recorder': PYTHONPATH=/home/newin/Projects/warehouse/ws_warehouse/build/tugbot_recorder/prefix_override:/usr/lib/python3/dist-packages/colcon_core/task/python/colcon_distutils_commands:/home/newin/Projects/warehouse/ws_warehouse/install/tugbot_recorder/lib/python3.10/site-packages:${PYTHONPATH} /usr/bin/python3 -W ignore:setup.py install is deprecated -W ignore:easy_install command is deprecated setup.py egg_info --egg-base ../../build/tugbot_recorder build --build-base /home/newin/Projects/warehouse/ws_warehouse/build/tugbot_recorder/build install --record /home/newin/Projects/warehouse/ws_warehouse/build/tugbot_recorder/install.log --single-version-externally-managed install_data
[0.799s] running egg_info
[0.799s] writing ../../build/tugbot_recorder/tugbot_recorder.egg-info/PKG-INFO
[0.800s] writing dependency_links to ../../build/tugbot_recorder/tugbot_recorder.egg-info/dependency_links.txt
[0.800s] writing entry points to ../../build/tugbot_recorder/tugbot_recorder.egg-info/entry_points.txt
[0.800s] writing requirements to ../../build/tugbot_recorder/tugbot_recorder.egg-info/requires.txt
[0.800s] writing top-level names to ../../build/tugbot_recorder/tugbot_recorder.egg-info/top_level.txt
[0.801s] reading manifest file '../../build/tugbot_recorder/tugbot_recorder.egg-info/SOURCES.txt'
[0.802s] writing manifest file '../../build/tugbot_recorder/tugbot_recorder.egg-info/SOURCES.txt'
[0.802s] running build
[0.802s] running build_py
[0.803s] running install
[0.803s] running install_lib
[0.804s] running install_data
[0.804s] running install_egg_info
[0.805s] removing '/home/newin/Projects/warehouse/ws_warehouse/install/tugbot_recorder/lib/python3.10/site-packages/tugbot_recorder-0.0.0-py3.10.egg-info' (and everything under it)
[0.806s] Copying ../../build/tugbot_recorder/tugbot_recorder.egg-info to /home/newin/Projects/warehouse/ws_warehouse/install/tugbot_recorder/lib/python3.10/site-packages/tugbot_recorder-0.0.0-py3.10.egg-info
[0.806s] running install_scripts
[0.821s] Installing lnn_prediction_01 script to /home/newin/Projects/warehouse/ws_warehouse/install/tugbot_recorder/lib/tugbot_recorder
[0.821s] Installing odm_log script to /home/newin/Projects/warehouse/ws_warehouse/install/tugbot_recorder/lib/tugbot_recorder
[0.821s] Installing recorder script to /home/newin/Projects/warehouse/ws_warehouse/install/tugbot_recorder/lib/tugbot_recorder
[0.821s] Installing safety_node script to /home/newin/Projects/warehouse/ws_warehouse/install/tugbot_recorder/lib/tugbot_recorder
[0.822s] writing list of installed files to '/home/newin/Projects/warehouse/ws_warehouse/build/tugbot_recorder/install.log'
[0.841s] Invoked command in '/home/newin/Projects/warehouse/ws_warehouse/src/tugbot_recorder' returned '0': PYTHONPATH=/home/newin/Projects/warehouse/ws_warehouse/build/tugbot_recorder/prefix_override:/usr/lib/python3/dist-packages/colcon_core/task/python/colcon_distutils_commands:/home/newin/Projects/warehouse/ws_warehouse/install/tugbot_recorder/lib/python3.10/site-packages:${PYTHONPATH} /usr/bin/python3 -W ignore:setup.py install is deprecated -W ignore:easy_install command is deprecated setup.py egg_info --egg-base ../../build/tugbot_recorder build --build-base /home/newin/Projects/warehouse/ws_warehouse/build/tugbot_recorder/build install --record /home/newin/Projects/warehouse/ws_warehouse/build/tugbot_recorder/install.log --single-version-externally-managed install_data
